{
  "filters_used": [
    {
      "path": "detect_secrets.filters.allowlist.is_line_allowlisted"
    },
    {
      "min_level": 2,
      "path": "detect_secrets.filters.common.is_ignored_due_to_verification_policies"
    },
    {
      "path": "detect_secrets.filters.heuristic.is_indirect_reference"
    },
    {
      "path": "detect_secrets.filters.heuristic.is_likely_id_string"
    },
    {
      "path": "detect_secrets.filters.heuristic.is_lock_file"
    },
    {
      "path": "detect_secrets.filters.heuristic.is_not_alphanumeric_string"
    },
    {
      "path": "detect_secrets.filters.heuristic.is_potential_uuid"
    },
    {
      "path": "detect_secrets.filters.heuristic.is_prefixed_with_dollar_sign"
    },
    {
      "path": "detect_secrets.filters.heuristic.is_sequential_string"
    },
    {
      "path": "detect_secrets.filters.heuristic.is_swagger_file"
    },
    {
      "path": "detect_secrets.filters.heuristic.is_templated_secret"
    },
    {
      "path": "detect_secrets.filters.regex.should_exclude_file",
      "pattern": [
        "(?x)(^\\.git/|^\\.ash/|infra-tf/artifacts/|/node_modules/|/\\.terraform/|/\\.venv/|/venv/|/__pycache__/|/\\.mypy_cache/|/\\.pytest_cache/|/\\.ruff_cache/|/\\.uv-cache/|/\\.pip-cache/|/\\.nx/|/\\.pnpm-store/|/dist/|/build/|/\\.egg-info/|smithy-generated/|external-docs/|/coverage/|\\.lock$|pnpm-lock\\.yaml$|/tests/|/__tests__/|/docs/|\\.test\\.|\\.spec\\.|test_.*\\.py$|.*_test\\.py$|\\.md$|\\.mdx$|\\.rst$|README|CHANGELOG|CONTRIBUTING|/\\.github/)"
      ]
    }
  ],
  "generated_at": "2026-09-15T12:54:56Z",
  "plugins_used": [
    {
      "name": "ArtifactoryDetector"
    },
    {
      "name": "AWSKeyDetector"
    },
    {
      "name": "AzureStorageKeyDetector"
    },
    {
      "limit": 4.5,
      "name": "Base64HighEntropyString"
    },
    {
      "name": "BasicAuthDetector"
    },
    {
      "name": "CloudantDetector"
    },
    {
      "name": "DiscordBotTokenDetector"
    },
    {
      "name": "GitHubTokenDetector"
    },
    {
      "name": "GitLabTokenDetector"
    },
    {
      "limit": 3.0,
      "name": "HexHighEntropyString"
    },
    {
      "name": "IbmCloudIamDetector"
    },
    {
      "name": "IbmCosHmacDetector"
    },
    {
      "name": "IPPublicDetector"
    },
    {
      "name": "JwtTokenDetector"
    },
    {
      "keyword_exclude": "",
      "name": "KeywordDetector"
    },
    {
      "name": "MailchimpDetector"
    },
    {
      "name": "NpmDetector"
    },
    {
      "name": "OpenAIDetector"
    },
    {
      "name": "PrivateKeyDetector"
    },
    {
      "name": "PypiTokenDetector"
    },
    {
      "name": "SendGridDetector"
    },
    {
      "name": "SlackDetector"
    },
    {
      "name": "SoftlayerDetector"
    },
    {
      "name": "SquareOAuthDetector"
    },
    {
      "name": "StripeDetector"
    },
    {
      "name": "TelegramBotTokenDetector"
    },
    {
      "name": "TwilioKeyDetector"
    }
  ],
  "results": {
    "connectors/databricks/src/main/java/dev/coa/databricks/config/ConnectionConfig.java": [
      {
        "filename": "connectors/databricks/src/main/java/dev/coa/databricks/config/ConnectionConfig.java",
        "hashed_secret": "a1ae6e2d26935175dc14bcf1d1260bbb55148002",
        "is_secret": false,
        "is_verified": true,
        "line_number": 57,
        "type": "Secret Keyword"
      }
    ],
    "connectors/databricks/src/main/java/dev/coa/databricks/config/DatabricksCredential.java": [
      {
        "filename": "connectors/databricks/src/main/java/dev/coa/databricks/config/DatabricksCredential.java",
        "hashed_secret": "8318df9ecda039deac9868adf1944a29a95c7114",
        "is_secret": false,
        "is_verified": true,
        "line_number": 63,
        "type": "Secret Keyword"
      },
      {
        "filename": "connectors/databricks/src/main/java/dev/coa/databricks/config/DatabricksCredential.java",
        "hashed_secret": "f73e110427648014568f7144031a6d48060eab0a",
        "is_secret": false,
        "is_verified": true,
        "line_number": 76,
        "type": "Secret Keyword"
      },
      {
        "filename": "connectors/databricks/src/main/java/dev/coa/databricks/config/DatabricksCredential.java",
        "hashed_secret": "06ca2f9db2d2e486ccb2927439326e0d8b4b7e29",
        "is_secret": false,
        "is_verified": true,
        "line_number": 78,
        "type": "Secret Keyword"
      }
    ],
    "connectors/databricks/src/main/resources/simplelogger.properties": [
      {
        "filename": "connectors/databricks/src/main/resources/simplelogger.properties",
        "hashed_secret": "14f1be92c9421da2d3d81376a5f8cb7f0d30ef66",
        "is_secret": false,
        "is_verified": true,
        "line_number": 34,
        "type": "Secret Keyword"
      }
    ],
    "infra-tf/modules/foundation/network/locals.tf": [
      {
        "filename": "infra-tf/modules/foundation/network/locals.tf",
        "hashed_secret": "80afcc60b5e3f41cf1287f9d933a06b8fcf6aa5c",
        "is_secret": false,
        "is_verified": true,
        "line_number": 102,
        "type": "Secret Keyword"
      }
    ],
    "models/src/main/smithy/metric-service-examples.smithy": [
      {
        "filename": "models/src/main/smithy/metric-service-examples.smithy",
        "hashed_secret": "7660a8ffd4ecaf43c66881b5e3dd8b11026c1457",
        "is_secret": false,
        "is_verified": true,
        "line_number": 51,
        "type": "Base64 High Entropy String"
      }
    ],
    "models/src/main/smithy/ontology-graph-examples.smithy": [
      {
        "filename": "models/src/main/smithy/ontology-graph-examples.smithy",
        "hashed_secret": "43d3cd3c238f93409f34f7c5e025992a9f0a629f",
        "is_secret": false,
        "is_verified": true,
        "line_number": 41,
        "type": "Base64 High Entropy String"
      },
      {
        "filename": "models/src/main/smithy/ontology-graph-examples.smithy",
        "hashed_secret": "7acbb720d48b64a3063bf600fe03167aa06dc932",
        "is_secret": false,
        "is_verified": true,
        "line_number": 59,
        "type": "Base64 High Entropy String"
      },
      {
        "filename": "models/src/main/smithy/ontology-graph-examples.smithy",
        "hashed_secret": "7d70863d3cd4bee27dde663ce42228e679c6f4ff",
        "is_secret": false,
        "is_verified": true,
        "line_number": 70,
        "type": "Base64 High Entropy String"
      }
    ],
    "models/src/main/smithy/serve-examples.smithy": [
      {
        "filename": "models/src/main/smithy/serve-examples.smithy",
        "hashed_secret": "367959cbad31fe07d73df5445cfbcbdaf6a9bc17",
        "is_secret": false,
        "is_verified": true,
        "line_number": 34,
        "type": "Base64 High Entropy String"
      }
    ],
    "packages/web-app/src/pages/ConnectSource.tsx": [
      {
        "filename": "packages/web-app/src/pages/ConnectSource.tsx",
        "hashed_secret": "90c784f1efc52b6d6b14e46aa4e8cc8b2eb84919",
        "is_secret": false,
        "is_verified": true,
        "line_number": 419,
        "type": "Secret Keyword"
      }
    ]
  },
  "version": "1.5.0"
}